// Jest Snapshot v1, https://goo.gl/fbAQLP

exports[`RatingButton Component RatingButton should render as expected 1`] = `
<div
  className="rating-button"
>
  <div
    className="select-content rating"
  >
    <span
      className="s-label"
    >
      My rating:
    </span>
    <div
      className="select"
    >
      <Select
        arrowRenderer={[Function]}
        autosize={true}
        backspaceRemoves={true}
        backspaceToRemoveMessage="Press backspace to remove {label}"
        clearAllText="Clear all"
        clearRenderer={[Function]}
        clearValueText="Clear value"
        clearable={false}
        closeOnSelect={true}
        deleteRemoves={true}
        delimiter=","
        disabled={false}
        escapeClearsValue={true}
        filterOptions={[Function]}
        ignoreAccents={true}
        ignoreCase={true}
        inputProps={Object {}}
        isLoading={false}
        joinValues={false}
        labelKey="label"
        matchPos="any"
        matchProp="any"
        menuBuffer={0}
        menuRenderer={[Function]}
        multi={false}
        name="select-picker"
        noResultsText="No results found"
        onBlurResetsInput={true}
        onChange={[Function]}
        onCloseResetsInput={true}
        onSelectResetsInput={true}
        openOnClick={true}
        optionComponent={[Function]}
        options={
          Array [
            Object {
              "label": "1",
              "value": 1,
            },
            Object {
              "label": "2",
              "value": 2,
            },
            Object {
              "label": "3",
              "value": 3,
            },
            Object {
              "label": "4",
              "value": 4,
            },
            Object {
              "label": "5",
              "value": 5,
            },
            Object {
              "label": "6",
              "value": 6,
            },
            Object {
              "label": "7",
              "value": 7,
            },
            Object {
              "label": "8",
              "value": 8,
            },
            Object {
              "label": "9",
              "value": 9,
            },
            Object {
              "label": "10",
              "value": 10,
            },
          ]
        }
        pageSize={5}
        placeholder="---"
        removeSelected={true}
        required={false}
        rtl={false}
        scrollMenuIntoView={true}
        searchable={false}
        simpleValue={false}
        tabSelectsValue={true}
        trimFilter={true}
        value={0}
        valueComponent={[Function]}
        valueKey="value"
      />
    </div>
    <div
      className="clearfix"
    />
  </div>
</div>
`;
